Seed set to 1234
/home/revitalia/juego-valenciano/speech-lab/.venv-voz/lib/python3.12/site-packages/lightning/fabric/utilities/cloud_io.py:73: You are using `torch.load` with `weights_only=False` (the current default value), which uses the default pickle module implicitly. It is possible to construct malicious pickle data which will execute arbitrary code during unpickling (See https://github.com/pytorch/pytorch/blob/main/SECURITY.md#untrusted-models for more details). In a future release, the default value for `weights_only` will be flipped to `True`. This limits the functions that could be executed during unpickling. Arbitrary objects will no longer be allowed to be loaded via this mode unless they are explicitly allowlisted by the user via `torch.serialization.add_safe_globals`. We recommend you start setting `weights_only=True` for any use case where you don't have full control of the loaded file. Please open an issue on GitHub for any issues related to this experimental feature.
Using 16bit Automatic Mixed Precision (AMP)
GPU available: True (cuda), used: True
TPU available: False, using: 0 TPU cores
💡 Tip: For seamless cloud logging and experiment tracking, try installing [litlogger](https://pypi.org/project/litlogger/) to enable LitLogger, which logs metrics and artifacts automatically to the Lightning Experiments platform.
You are using a CUDA device ('NVIDIA GeForce RTX 3060 Laptop GPU') that has Tensor Cores. To properly utilize them, you should set `torch.set_float32_matmul_precision('medium' | 'high')` which will trade-off precision for performance. For more details, read https://pytorch.org/docs/stable/generated/torch.set_float32_matmul_precision.html#torch.set_float32_matmul_precision
/home/revitalia/juego-valenciano/speech-lab/.venv-voz/lib/python3.12/site-packages/lightning/pytorch/callbacks/model_checkpoint.py:881: Checkpoint directory /home/revitalia/juego-valenciano/speech-lab/tts/runs/narrador-v1/checkpoints exists and is not empty.
Restoring states from the checkpoint path at /home/revitalia/juego-valenciano/speech-lab/tts/runs/narrador-v1/checkpoints/last.ckpt
LOCAL_RANK: 0 - CUDA_VISIBLE_DEVICES: [0]
/home/revitalia/juego-valenciano/speech-lab/.venv-voz/lib/python3.12/site-packages/lightning/pytorch/utilities/model_summary/model_summary.py:242: Precision 16-mixed is not supported by the model summary.  Estimated model size in MB will not be accurate. Using 32 bits instead.
┏━━━┳━━━━━━━━━┳━━━━━━━━━━━━━┳━━━━━━━━┳━━━━━━━┳━━━━━━━┓
┃   ┃ Name    ┃ Type        ┃ Params ┃ Mode  ┃ FLOPs ┃
┡━━━╇━━━━━━━━━╇━━━━━━━━━━━━━╇━━━━━━━━╇━━━━━━━╇━━━━━━━┩
│ 0 │ spk_emb │ Embedding   │    512 │ train │     0 │
│ 1 │ encoder │ TextEncoder │  9.7 M │ train │     0 │
│ 2 │ decoder │ CFM         │ 11.1 M │ train │     0 │
└───┴─────────┴─────────────┴────────┴───────┴───────┘
Trainable params: 20.9 M                                                        
Non-trainable params: 0                                                         
Total params: 20.9 M                                                            
Total estimated model params size (MB): 83.404                                  
Modules in train mode: 334                                                      
Modules in eval mode: 0                                                         
Total FLOPs: 0                                                                  
Restored all states from the checkpoint at /home/revitalia/juego-valenciano/speech-lab/tts/runs/narrador-v1/checkpoints/last.ckpt
/home/revitalia/juego-valenciano/speech-lab/scripts/matxa_entorn.py:54: FutureWarning: You are using `torch.load` with `weights_only=False` (the current default value), which uses the default pickle module implicitly. It is possible to construct malicious pickle data which will execute arbitrary code during unpickling (See https://github.com/pytorch/pytorch/blob/main/SECURITY.md#untrusted-models for more details). In a future release, the default value for `weights_only` will be flipped to `True`. This limits the functions that could be executed during unpickling. Arbitrary objects will no longer be allowed to be loaded via this mode unless they are explicitly allowlisted by the user via `torch.serialization.add_safe_globals`. We recommend you start setting `weights_only=True` for any use case where you don't have full control of the loaded file. Please open an issue on GitHub for any issues related to this experimental feature.
  voc.load_state_dict(torch.load(VOCODER / "pytorch_model.bin", map_location=device))
`Trainer.fit` stopped: `max_epochs=300` reached.
Epoch 299/299 ━━━━━━━━━━━━━━━━ 48/48 0:00:21 •        2.31it/s v_num: 1.000     
                                     0:00:00                   step: 14399.000  
                                                               loss/train_step: 
                                                               2.088            
                                                               loss/train_epoch:
                                                               1.957            
                                                               loss/val_step:   
                                                               2.123            
                                                               loss/val_epoch:  
                                                               2.522            
