Seed set to 1234
/home/revitalia/juego-valenciano/speech-lab/.venv-voz/lib/python3.12/site-packages/lightning/fabric/utilities/cloud_io.py:73: You are using `torch.load` with `weights_only=False` (the current default value), which uses the default pickle module implicitly. It is possible to construct malicious pickle data which will execute arbitrary code during unpickling (See https://github.com/pytorch/pytorch/blob/main/SECURITY.md#untrusted-models for more details). In a future release, the default value for `weights_only` will be flipped to `True`. This limits the functions that could be executed during unpickling. Arbitrary objects will no longer be allowed to be loaded via this mode unless they are explicitly allowlisted by the user via `torch.serialization.add_safe_globals`. We recommend you start setting `weights_only=True` for any use case where you don't have full control of the loaded file. Please open an issue on GitHub for any issues related to this experimental feature.
Using 16bit Automatic Mixed Precision (AMP)
GPU available: True (cuda), used: True
TPU available: False, using: 0 TPU cores
💡 Tip: For seamless cloud logging and experiment tracking, try installing [litlogger](https://pypi.org/project/litlogger/) to enable LitLogger, which logs metrics and artifacts automatically to the Lightning Experiments platform.
You are using a CUDA device ('NVIDIA GeForce RTX 3060 Laptop GPU') that has Tensor Cores. To properly utilize them, you should set `torch.set_float32_matmul_precision('medium' | 'high')` which will trade-off precision for performance. For more details, read https://pytorch.org/docs/stable/generated/torch.set_float32_matmul_precision.html#torch.set_float32_matmul_precision
LOCAL_RANK: 0 - CUDA_VISIBLE_DEVICES: [0]
/home/revitalia/juego-valenciano/speech-lab/.venv-voz/lib/python3.12/site-packages/lightning/pytorch/utilities/model_summary/model_summary.py:242: Precision 16-mixed is not supported by the model summary.  Estimated model size in MB will not be accurate. Using 32 bits instead.
┏━━━┳━━━━━━━━━┳━━━━━━━━━━━━━┳━━━━━━━━┳━━━━━━━┳━━━━━━━┓
┃   ┃ Name    ┃ Type        ┃ Params ┃ Mode  ┃ FLOPs ┃
┡━━━╇━━━━━━━━━╇━━━━━━━━━━━━━╇━━━━━━━━╇━━━━━━━╇━━━━━━━┩
│ 0 │ spk_emb │ Embedding   │    512 │ train │     0 │
│ 1 │ encoder │ TextEncoder │  9.7 M │ train │     0 │
│ 2 │ decoder │ CFM         │ 11.1 M │ train │     0 │
└───┴─────────┴─────────────┴────────┴───────┴───────┘
Trainable params: 20.9 M                                                        
Non-trainable params: 0                                                         
Total params: 20.9 M                                                            
Total estimated model params size (MB): 83.404                                  
Modules in train mode: 334                                                      
Modules in eval mode: 0                                                         
Total FLOPs: 0                                                                  
/home/revitalia/juego-valenciano/speech-lab/scripts/matxa_entorn.py:54: FutureWarning: You are using `torch.load` with `weights_only=False` (the current default value), which uses the default pickle module implicitly. It is possible to construct malicious pickle data which will execute arbitrary code during unpickling (See https://github.com/pytorch/pytorch/blob/main/SECURITY.md#untrusted-models for more details). In a future release, the default value for `weights_only` will be flipped to `True`. This limits the functions that could be executed during unpickling. Arbitrary objects will no longer be allowed to be loaded via this mode unless they are explicitly allowlisted by the user via `torch.serialization.add_safe_globals`. We recommend you start setting `weights_only=True` for any use case where you don't have full control of the loaded file. Please open an issue on GitHub for any issues related to this experimental feature.
  voc.load_state_dict(torch.load(VOCODER / "pytorch_model.bin", map_location=device))
[rank: 0] Received SIGTERM: 15
Epoch 146/299 ━━━━━╸           17/48 0:00:05 •        3.58it/s v_num: 0.000     
                                     0:00:09                   step: 7024.000   
                                                               loss/train_step: 
                                                               1.969            
                                                               loss/train_epoch:
                                                               3.550            
                                                               loss/val_step:   
                                                               2.278            
                                                               loss/val_epoch:  
                                                               2.589            
Traceback (most recent call last):
  File "/home/revitalia/juego-valenciano/speech-lab/.venv-voz/lib/python3.12/site-packages/lightning/pytorch/trainer/call.py", line 49, in _call_and_handle_interrupt
    return trainer_fn(*args, **kwargs)
           ^^^^^^^^^^^^^^^^^^^^^^^^^^^
  File "/home/revitalia/juego-valenciano/speech-lab/.venv-voz/lib/python3.12/site-packages/lightning/pytorch/trainer/trainer.py", line 630, in _fit_impl
    self._run(model, ckpt_path=ckpt_path, weights_only=weights_only)
  File "/home/revitalia/juego-valenciano/speech-lab/.venv-voz/lib/python3.12/site-packages/lightning/pytorch/trainer/trainer.py", line 1079, in _run
    results = self._run_stage()
              ^^^^^^^^^^^^^^^^^
  File "/home/revitalia/juego-valenciano/speech-lab/.venv-voz/lib/python3.12/site-packages/lightning/pytorch/trainer/trainer.py", line 1123, in _run_stage
    self.fit_loop.run()
  File "/home/revitalia/juego-valenciano/speech-lab/.venv-voz/lib/python3.12/site-packages/lightning/pytorch/loops/fit_loop.py", line 217, in run
    self.advance()
  File "/home/revitalia/juego-valenciano/speech-lab/.venv-voz/lib/python3.12/site-packages/lightning/pytorch/loops/fit_loop.py", line 469, in advance
    self.epoch_loop.run(self._data_fetcher)
  File "/home/revitalia/juego-valenciano/speech-lab/.venv-voz/lib/python3.12/site-packages/lightning/pytorch/loops/training_epoch_loop.py", line 153, in run
    self.advance(data_fetcher)
  File "/home/revitalia/juego-valenciano/speech-lab/.venv-voz/lib/python3.12/site-packages/lightning/pytorch/loops/training_epoch_loop.py", line 352, in advance
    batch_output = self.automatic_optimization.run(trainer.optimizers[0], batch_idx, kwargs)
                   ^^^^^^^^^^^^^^^^^^^^^^^^^^^^^^^^^^^^^^^^^^^^^^^^^^^^^^^^^^^^^^^^^^^^^^^^^
  File "/home/revitalia/juego-valenciano/speech-lab/.venv-voz/lib/python3.12/site-packages/lightning/pytorch/loops/optimization/automatic.py", line 192, in run
    self._optimizer_step(batch_idx, closure)
  File "/home/revitalia/juego-valenciano/speech-lab/.venv-voz/lib/python3.12/site-packages/lightning/pytorch/loops/optimization/automatic.py", line 270, in _optimizer_step
    call._call_lightning_module_hook(
  File "/home/revitalia/juego-valenciano/speech-lab/.venv-voz/lib/python3.12/site-packages/lightning/pytorch/trainer/call.py", line 177, in _call_lightning_module_hook
    output = fn(*args, **kwargs)
             ^^^^^^^^^^^^^^^^^^^
  File "/home/revitalia/juego-valenciano/speech-lab/.venv-voz/lib/python3.12/site-packages/lightning/pytorch/core/module.py", line 1368, in optimizer_step
    optimizer.step(closure=optimizer_closure)
  File "/home/revitalia/juego-valenciano/speech-lab/.venv-voz/lib/python3.12/site-packages/lightning/pytorch/core/optimizer.py", line 154, in step
    step_output = self._strategy.optimizer_step(self._optimizer, closure, **kwargs)
                  ^^^^^^^^^^^^^^^^^^^^^^^^^^^^^^^^^^^^^^^^^^^^^^^^^^^^^^^^^^^^^^^^^
  File "/home/revitalia/juego-valenciano/speech-lab/.venv-voz/lib/python3.12/site-packages/lightning/pytorch/strategies/strategy.py", line 239, in optimizer_step
    return self.precision_plugin.optimizer_step(optimizer, model=model, closure=closure, **kwargs)
           ^^^^^^^^^^^^^^^^^^^^^^^^^^^^^^^^^^^^^^^^^^^^^^^^^^^^^^^^^^^^^^^^^^^^^^^^^^^^^^^^^^^^^^^
  File "/home/revitalia/juego-valenciano/speech-lab/.venv-voz/lib/python3.12/site-packages/lightning/pytorch/plugins/precision/amp.py", line 90, in optimizer_step
    self._after_closure(model, optimizer)
  File "/home/revitalia/juego-valenciano/speech-lab/.venv-voz/lib/python3.12/site-packages/lightning/pytorch/plugins/precision/precision.py", line 88, in _after_closure
    call._call_lightning_module_hook(trainer, "on_before_optimizer_step", optimizer)
  File "/home/revitalia/juego-valenciano/speech-lab/.venv-voz/lib/python3.12/site-packages/lightning/pytorch/trainer/call.py", line 177, in _call_lightning_module_hook
    output = fn(*args, **kwargs)
             ^^^^^^^^^^^^^^^^^^^
  File "/home/revitalia/juego-valenciano/speech-lab/tts/Matcha-TTS-dev-cat/matcha/models/baselightningmodule.py", line 209, in on_before_optimizer_step
    self.log_dict({f"grad_norm/{k}": v for k, v in grad_norm(self, norm_type=2).items()})
  File "/home/revitalia/juego-valenciano/speech-lab/.venv-voz/lib/python3.12/site-packages/lightning/pytorch/core/module.py", line 615, in log_dict
    self.log(
  File "/home/revitalia/juego-valenciano/speech-lab/.venv-voz/lib/python3.12/site-packages/lightning/pytorch/core/module.py", line 531, in log
    results.log(
  File "/home/revitalia/juego-valenciano/speech-lab/.venv-voz/lib/python3.12/site-packages/torch/_dynamo/eval_frame.py", line 632, in _fn
    return fn(*args, **kwargs)
           ^^^^^^^^^^^^^^^^^^^
  File "/home/revitalia/juego-valenciano/speech-lab/.venv-voz/lib/python3.12/site-packages/lightning/pytorch/trainer/connectors/logger_connector/result.py", line 412, in log
    self[key].to(value.device)
  File "/home/revitalia/juego-valenciano/speech-lab/.venv-voz/lib/python3.12/site-packages/lightning/pytorch/trainer/connectors/logger_connector/result.py", line 308, in to
    self.__dict__.update(apply_to_collection(d, (Tensor, Metric), move_data_to_device, *args, **kwargs))
                         ^^^^^^^^^^^^^^^^^^^^^^^^^^^^^^^^^^^^^^^^^^^^^^^^^^^^^^^^^^^^^^^^^^^^^^^^^^^^^^
  File "/home/revitalia/juego-valenciano/speech-lab/.venv-voz/lib/python3.12/site-packages/lightning_utilities/core/apply_func.py", line 78, in apply_to_collection
    return _apply_to_collection_slow(
           ^^^^^^^^^^^^^^^^^^^^^^^^^^
  File "/home/revitalia/juego-valenciano/speech-lab/.venv-voz/lib/python3.12/site-packages/lightning_utilities/core/apply_func.py", line 154, in _apply_to_collection_slow
    v = _apply_to_collection_slow(
        ^^^^^^^^^^^^^^^^^^^^^^^^^^
  File "/home/revitalia/juego-valenciano/speech-lab/.venv-voz/lib/python3.12/site-packages/lightning_utilities/core/apply_func.py", line 102, in _apply_to_collection_slow
    return function(data, *args, **kwargs)
           ^^^^^^^^^^^^^^^^^^^^^^^^^^^^^^^
  File "/home/revitalia/juego-valenciano/speech-lab/.venv-voz/lib/python3.12/site-packages/lightning/fabric/utilities/apply_func.py", line 110, in move_data_to_device
    return apply_to_collection(batch, dtype=_TransferableDataType, function=batch_to)
           ^^^^^^^^^^^^^^^^^^^^^^^^^^^^^^^^^^^^^^^^^^^^^^^^^^^^^^^^^^^^^^^^^^^^^^^^^^
  File "/home/revitalia/juego-valenciano/speech-lab/.venv-voz/lib/python3.12/site-packages/lightning_utilities/core/apply_func.py", line 70, in apply_to_collection
    return function(data, *args, **kwargs)
           ^^^^^^^^^^^^^^^^^^^^^^^^^^^^^^^
  File "/home/revitalia/juego-valenciano/speech-lab/.venv-voz/lib/python3.12/site-packages/lightning/fabric/utilities/apply_func.py", line 104, in batch_to
    data_output = data.to(device, **kwargs)
                  ^^^^^^^^^^^^^^^^^^^^^^^^^
  File "/home/revitalia/juego-valenciano/speech-lab/.venv-voz/lib/python3.12/site-packages/torch/utils/data/_utils/signal_handling.py", line 73, in handler
    _error_if_any_worker_fails()
RuntimeError: DataLoader worker (pid 866937) is killed by signal: Terminated. 

During handling of the above exception, another exception occurred:

Traceback (most recent call last):
  File "/home/revitalia/juego-valenciano/speech-lab/scripts/finetune-matxa.py", line 111, in <module>
    main()
  File "/home/revitalia/juego-valenciano/speech-lab/scripts/finetune-matxa.py", line 107, in main
    trainer.fit(model, datamodule=dm, ckpt_path=str(ultim) if args.reprendre else None)
  File "/home/revitalia/juego-valenciano/speech-lab/.venv-voz/lib/python3.12/site-packages/lightning/pytorch/trainer/trainer.py", line 584, in fit
    call._call_and_handle_interrupt(
  File "/home/revitalia/juego-valenciano/speech-lab/.venv-voz/lib/python3.12/site-packages/lightning/pytorch/trainer/call.py", line 70, in _call_and_handle_interrupt
    trainer._teardown()
  File "/home/revitalia/juego-valenciano/speech-lab/.venv-voz/lib/python3.12/site-packages/lightning/pytorch/trainer/trainer.py", line 1102, in _teardown
    self.strategy.teardown()
  File "/home/revitalia/juego-valenciano/speech-lab/.venv-voz/lib/python3.12/site-packages/lightning/pytorch/strategies/strategy.py", line 532, in teardown
    _optimizers_to_device(self.optimizers, torch.device("cpu"))
  File "/home/revitalia/juego-valenciano/speech-lab/.venv-voz/lib/python3.12/site-packages/lightning/fabric/utilities/optimizer.py", line 27, in _optimizers_to_device
    _optimizer_to_device(opt, device)
  File "/home/revitalia/juego-valenciano/speech-lab/.venv-voz/lib/python3.12/site-packages/lightning/fabric/utilities/optimizer.py", line 41, in _optimizer_to_device
    v[key] = move_data_to_device(val, device)
             ^^^^^^^^^^^^^^^^^^^^^^^^^^^^^^^^
  File "/home/revitalia/juego-valenciano/speech-lab/.venv-voz/lib/python3.12/site-packages/lightning/fabric/utilities/apply_func.py", line 110, in move_data_to_device
    return apply_to_collection(batch, dtype=_TransferableDataType, function=batch_to)
           ^^^^^^^^^^^^^^^^^^^^^^^^^^^^^^^^^^^^^^^^^^^^^^^^^^^^^^^^^^^^^^^^^^^^^^^^^^
  File "/home/revitalia/juego-valenciano/speech-lab/.venv-voz/lib/python3.12/site-packages/lightning_utilities/core/apply_func.py", line 70, in apply_to_collection
    return function(data, *args, **kwargs)
           ^^^^^^^^^^^^^^^^^^^^^^^^^^^^^^^
  File "/home/revitalia/juego-valenciano/speech-lab/.venv-voz/lib/python3.12/site-packages/lightning/fabric/utilities/apply_func.py", line 104, in batch_to
    data_output = data.to(device, **kwargs)
                  ^^^^^^^^^^^^^^^^^^^^^^^^^
  File "/home/revitalia/juego-valenciano/speech-lab/.venv-voz/lib/python3.12/site-packages/torch/utils/data/_utils/signal_handling.py", line 73, in handler
    _error_if_any_worker_fails()
RuntimeError: DataLoader worker (pid 863605) is killed by signal: Terminated. 
